// Vitest Snapshot v1

exports[`Component ConversionUIUnitTable > matches snapshot 1`] = `
"<table data-v-6edac4c0=\\"\\">
  <thead data-v-6edac4c0=\\"\\">
    <tr data-v-6edac4c0=\\"\\">
      <th data-v-6edac4c0=\\"\\">אצבע</th>
      <th data-v-6edac4c0=\\"\\">סנטימטר</th>
      <th data-v-6edac4c0=\\"\\">טפח</th>
      <th data-v-6edac4c0=\\"\\">זרת</th>
    </tr>
  </thead>
  <tbody data-v-6edac4c0=\\"\\">
    <tr data-v-6edac4c0=\\"\\">
      <td data-v-6edac4c0=\\"\\">5 מ\\"מ</td>
      <td data-v-6edac4c0=\\"\\">10 ס\\"מ</td>
      <td data-v-6edac4c0=\\"\\">4 מטר</td>
      <td data-v-6edac4c0=\\"\\">4 ק\\"מ</td>
    </tr>
  </tbody>
</table>
<div class=\\"wrapper-row\\" data-v-6edac4c0=\\"\\">
  <div class=\\"wrapper-column\\" data-v-6edac4c0=\\"\\"><select class=\\"centered\\" data-v-6edac4c0=\\"\\">
      <option value=\\"אצבע\\">אצבע</option>
      <option value=\\"סנטימטר\\">סנטימטר</option>
      <option value=\\"אמה\\">אמה</option>
      <option value=\\"טפח\\">טפח</option>
      <option value=\\"זרת\\">זרת</option>
    </select><input class=\\"conversion-input\\" size=\\"12\\" data-v-951c0080=\\"\\" data-v-6edac4c0=\\"\\"></div>
  <div class=\\"wrapper-column\\" data-v-6edac4c0=\\"\\"> = </div>
  <div class=\\"wrapper-column\\" data-v-6edac4c0=\\"\\"><select class=\\"centered\\" data-v-6edac4c0=\\"\\">
      <option value=\\"אצבע\\">אצבע</option>
      <option value=\\"סנטימטר\\">סנטימטר</option>
      <option value=\\"אמה\\">אמה</option>
      <option value=\\"טפח\\">טפח</option>
      <option value=\\"זרת\\">זרת</option>
    </select><input class=\\"conversion-input\\" disabled=\\"\\" size=\\"12\\" data-v-951c0080=\\"\\" data-v-6edac4c0=\\"\\"></div>
</div>"
`;
