// Vitest Snapshot v1

exports[`Component LengthPage > matches snapshot 1`] = `
"<label for=\\"ruler-select\\" data-v-2eca11fc=\\"\\">שיטת מדידה:</label><select id=\\"ruler-select\\" class=\\"form-select\\" data-v-2eca11fc=\\"\\">
  <option value=\\"גרח\\" data-v-2eca11fc=\\"\\"> גר\\"ח (רב חיים נאה) </option>
  <option value=\\"חזון_איש\\" data-v-2eca11fc=\\"\\"> חזון איש </option>
</select>
<h6>שים לב: הסיט מחושב לפי שיטת הרמב\\"ם</h6>
<table data-v-2f1b50ac=\\"\\">
  <thead data-v-2f1b50ac=\\"\\">
    <tr data-v-2f1b50ac=\\"\\">
      <th data-v-2f1b50ac=\\"\\">אצבע</th>
      <th data-v-2f1b50ac=\\"\\">טפח</th>
      <th data-v-2f1b50ac=\\"\\">סיט</th>
      <th data-v-2f1b50ac=\\"\\">זרת</th>
      <th data-v-2f1b50ac=\\"\\">אמה</th>
      <th data-v-2f1b50ac=\\"\\">ריס</th>
      <th data-v-2f1b50ac=\\"\\">מיל</th>
      <th data-v-2f1b50ac=\\"\\">פרסה</th>
    </tr>
  </thead>
  <tbody data-v-2f1b50ac=\\"\\">
    <tr data-v-2f1b50ac=\\"\\">
      <td data-v-2f1b50ac=\\"\\">2 ס\\"מ</td>
      <td data-v-2f1b50ac=\\"\\">8 ס\\"מ</td>
      <td data-v-2f1b50ac=\\"\\">16 ס\\"מ</td>
      <td data-v-2f1b50ac=\\"\\">24 ס\\"מ</td>
      <td data-v-2f1b50ac=\\"\\">48 ס\\"מ</td>
      <td data-v-2f1b50ac=\\"\\">128 מטר</td>
      <td data-v-2f1b50ac=\\"\\">960 מטר</td>
      <td data-v-2f1b50ac=\\"\\">3.84 ק\\"מ</td>
    </tr>
  </tbody>
</table>
<div class=\\"wrapper-row\\" data-v-6764e49b=\\"\\">
  <div class=\\"wrapper-column\\" data-v-6764e49b=\\"\\"><select class=\\"form-select\\" data-v-6764e49b=\\"\\">
      <option value=\\"סנטימטר\\">סנטימטר</option>
      <option value=\\"מטר\\">מטר</option>
      <option value=\\"קילומטר\\">קילומטר</option>
      <option value=\\"אצבע\\">אצבע</option>
      <option value=\\"טפח\\">טפח</option>
      <option value=\\"סיט\\">סיט</option>
      <option value=\\"זרת\\">זרת</option>
      <option value=\\"אמה\\">אמה</option>
      <option value=\\"ריס\\">ריס</option>
      <option value=\\"מיל\\">מיל</option>
      <option value=\\"פרסה\\">פרסה</option>
    </select><input class=\\"conversion-input form-control form-control-sm\\" size=\\"1\\" data-v-519321c2=\\"\\" data-v-6764e49b=\\"\\"></div>
  <div class=\\"wrapper-column\\" data-v-6764e49b=\\"\\"> = </div>
  <div class=\\"wrapper-column\\" data-v-6764e49b=\\"\\"><select class=\\"form-select\\" data-v-6764e49b=\\"\\">
      <option value=\\"סנטימטר\\">סנטימטר</option>
      <option value=\\"מטר\\">מטר</option>
      <option value=\\"קילומטר\\">קילומטר</option>
      <option value=\\"אצבע\\">אצבע</option>
      <option value=\\"טפח\\">טפח</option>
      <option value=\\"סיט\\">סיט</option>
      <option value=\\"זרת\\">זרת</option>
      <option value=\\"אמה\\">אמה</option>
      <option value=\\"ריס\\">ריס</option>
      <option value=\\"מיל\\">מיל</option>
      <option value=\\"פרסה\\">פרסה</option>
    </select><input class=\\"conversion-input form-control form-control-sm\\" disabled=\\"\\" size=\\"1\\" data-v-519321c2=\\"\\" data-v-6764e49b=\\"\\"></div>
</div>"
`;
